I'm sorry, but errors were detected in your script. Please correct the
errors listed below, and try again.


File "game/script.rpy", line 142: expected menuitem
    if notTalkToCouple
    ^

Ren'Py Version: Ren'Py 8.3.2.24090902
Sat Nov 23 21:06:01 2024
